Microchip MPLAB XC8 Compiler V2.31

Linker command line:

-W-3 --edf=C:\Program Files\Microchip\xc8\v2.31\pic\dat\en_msgs.txt -cn \
  -h+dist/default/production\PROYECTO.X.production.sym \
  --cmf=dist/default/production\PROYECTO.X.production.cmf -z -Q16F887 \
  -oC:\Users\isaac\AppData\Local\Temp\sero.2 --defsym=__MPLAB_BUILD=1 \
  -Mdist/default/production/PROYECTO.X.production.map -E1 -ver=XC8 Compiler \
  --acfsm=1493 -ASTACK=0110h-016Fh -pstack=STACK -ACODE=00h-07FFhx4 \
  -ASTRCODE=00h-01FFFh -ASTRING=00h-0FFhx32 -ACONST=00h-0FFhx32 \
  -AENTRY=00h-0FFhx32 -ACOMMON=070h-07Fh -ABANK0=020h-06Fh \
  -ABANK1=0A0h-0EFh -ABANK2=0110h-016Fh -ABANK3=0190h-01EFh \
  -ARAM=020h-06Fh,0A0h-0EFh,0110h-016Fh,0190h-01EFh \
  -AABS1=020h-07Fh,0A0h-0EFh,0110h-016Fh,0190h-01EFh -ASFR0=00h-01Fh \
  -ASFR1=080h-09Fh -ASFR2=0100h-010Fh -ASFR3=0180h-018Fh \
  -ACONFIG=02007h-02008h -DCONFIG=2 -AIDLOC=02000h-02003h -DIDLOC=2 \
  -AEEDATA=00h-0FFh/02100h -peeprom_data=EEDATA -DEEDATA=2 -DCODE=2 \
  -DSTRCODE=2 -DSTRING=2 -DCONST=2 -DENTRY=2 \
  -preset_vec=00h,intentry=04h,init,end_init -ppowerup=CODE -pcinit=CODE \
  -pfunctab=ENTRY -k C:\Users\isaac\AppData\Local\Temp\sero.o \
  dist/default/production\PROYECTO.X.production.o 

Object code version is 3.11

Machine type is 16F887



                Name                               Link     Load   Length Selector   Space Scale
C:\Users\isaac\AppData\Local\Temp\sero.o
                end_init                              C        C        3        8       0
                reset_vec                             0        0        3        0       0
                config                             2007     2007        2        0       4
dist/default/production\PROYECTO.X.production.o
                cinit                                 F        F       1B        8       0
                intentry                              4        4        8        8       0
                maintext_split_8                     2A       2A      77B        8       0
                maintext_split_7                    C5B      C5B      137     18B6       0
                maintext_split_6                   16E3     16E3      11D     2DC6       0
                maintext_split_5                    D92      D92      137     1B24       0
                maintext_split_4                    B3A      B3A      121     1674       0
                maintext_split_3                    EC9      EC9      137     1D92       0
                maintext_split_2                   14C4     14C4      10C     2988       0
                maintext_split_1                   13BD     13BD      107     277A       0
                config                             2007     2007        2        0       4
                text4                               7E9      7E9        7      FBA       0
                text3                               7DD      7DD        C      FBA       0
                text2                               7A5      7A5       26        8       0
                text1                               7F0      7F0        4      FBA       0
                maintext                           15D0     15D0      113     2BA0       0
                cstackBANK0                          2E       2E        2       20       1
                cstackCOMMON                         77       77        5       70       1
                bssBANK0                             20       20        E       20       1
                bssCOMMON                            70       70        7       70       1
                stringtext                          800      800      2A8       10       0
                strings                             7CB      7CB       12      F96       0

TOTAL           Name                               Link     Load   Length     Space
        CLASS   STACK          

        CLASS   CODE           
                end_init                              C        C        3         0
                cinit                                 F        F       1B         0
                intentry                              4        4        8         0
                reset_vec                             0        0        3         0
                maintext_split_8                     2A       2A      77B         0
                maintext_split_7                    C5B      C5B      137         0
                maintext_split_6                   16E3     16E3      11D         0
                maintext_split_5                    D92      D92      137         0
                maintext_split_4                    B3A      B3A      121         0
                maintext_split_3                    EC9      EC9      137         0
                maintext_split_2                   14C4     14C4      10C         0
                maintext_split_1                   13BD     13BD      107         0
                text4                               7E9      7E9        7         0
                text3                               7DD      7DD        C         0
                text2                               7A5      7A5       26         0
                text1                               7F0      7F0        4         0
                maintext                           15D0     15D0      113         0

        CLASS   STRCODE        
                stringtext                          800      800      2A8         0

        CLASS   STRING         
                strings                             7CB      7CB       12         0

        CLASS   CONST          

        CLASS   ENTRY          

        CLASS   COMMON         
                cstackCOMMON                         77       77        5         1
                bssCOMMON                            70       70        7         1

        CLASS   BANK0          
                cstackBANK0                          2E       2E        2         1
                bssBANK0                             20       20        E         1

        CLASS   BANK1          

        CLASS   BANK2          

        CLASS   BANK3          

        CLASS   RAM            

        CLASS   ABS1           
                abs_s1                               7E       7E        2         1

        CLASS   SFR0           

        CLASS   SFR1           

        CLASS   SFR2           

        CLASS   SFR3           

        CLASS   CONFIG         
                config                             2007     2007        2         4

        CLASS   IDLOC          

        CLASS   EEDATA         



SEGMENTS        Name                           Load    Length   Top    Selector   Space  Class     Delta

                reset_vec                      000000  000003  000003         0       0  CODE        2
                intentry                       000004  0007C7  0007CB         8       0  CODE        2
                bssBANK0                       000020  000010  000030        20       1  BANK0       1
                bssCOMMON                      000070  00000C  00007C        70       1  COMMON      1
                strings                        0007CB  000012  0007DD       F96       0  STRING      2
                text3                          0007DD  000017  0007F4       FBA       0  CODE        2
                stringtext                     000800  0002A8  000AA8        10       0  STRCODE     2
                maintext_split_4               000B3A  000121  000C5B      1674       0  CODE        2
                maintext_split_7               000C5B  000137  000D92      18B6       0  CODE        2
                maintext_split_5               000D92  000137  000EC9      1B24       0  CODE        2
                maintext_split_3               000EC9  000137  001000      1D92       0  CODE        2
                maintext_split_1               0013BD  000107  0014C4      277A       0  CODE        2
                maintext_split_2               0014C4  00010C  0015D0      2988       0  CODE        2
                maintext                       0015D0  000113  0016E3      2BA0       0  CODE        2
                maintext_split_6               0016E3  00011D  001800      2DC6       0  CODE        2


UNUSED ADDRESS RANGES

        Name                Unused          Largest block    Delta
        BANK0            000030-00006F               40           1
        BANK1            0000A0-0000EF               50           1
        BANK2            000110-00016F               60           1
        BANK3            000190-0001EF               60           1
        CODE             000003-000003                1           2
                         0007F4-0007FF                C
                         000AA8-000B39               92
                         001000-0013BC              3BD
                         001800-001FFF              800
        COMMON           00007C-00007D                2           1
        CONST            000003-000003                1           2
                         0007F4-0007FF                C
                         000AA8-000B39               58
                         001000-0013BC              100
                         001800-001FFF              100
        EEDATA           002100-0021FF              100           2
        ENTRY            000003-000003                1           2
                         0007F4-0007FF                C
                         000AA8-000B39               58
                         001000-0013BC              100
                         001800-001FFF              100
        IDLOC            002000-002003                4           2
        RAM              000030-00006F               40           1
                         0000A0-0000EF               50
                         000110-00016F               60
                         000190-0001EF               60
        SFR0             000000-00001F               20           1
        SFR1             000080-00009F               20           1
        SFR2             000100-00010F               10           1
        SFR3             000180-00018F               10           1
        STACK            000110-00016F               60           1
        STRCODE          000003-000003                1           2
                         0007F4-0007FF                C
                         000AA8-000B39               92
                         001000-0013BC              3BD
                         001800-001FFF              800
        STRING           000003-000003                1           2
                         0007F4-0007FF                C
                         000AA8-000B39               58
                         001000-0013BC              100
                         001800-001FFF              100

                                  Symbol Table

USART_Cadena@str         cstackCOMMON     00007A
USART_Tx@data            cstackCOMMON     000079
_ADCON0bits              (abs)            00001F
_ADCON1bits              (abs)            00009F
_ADRESH                  (abs)            00001E
_ANSEL                   (abs)            000188
_ANSELH                  (abs)            000189
_BAUDCTLbits             (abs)            000187
_INTCONbits              (abs)            00000B
_OPTION_REGbits          (abs)            000081
_OSCCONbits              (abs)            00008F
_PIR1bits                (abs)            00000C
_PORTA                   (abs)            000005
_PORTB                   (abs)            000006
_PORTC                   (abs)            000007
_PORTD                   (abs)            000008
_PORTE                   (abs)            000009
_RB0                     (abs)            000030
_RB1                     (abs)            000031
_RB2                     (abs)            000032
_RB5                     (abs)            000035
_RB6                     (abs)            000036
_RB7                     (abs)            000037
_RCREG                   (abs)            00001A
_RCSTAbits               (abs)            000018
_RD0                     (abs)            000040
_RD1                     (abs)            000041
_RD2                     (abs)            000042
_SPBRG                   (abs)            000099
_SPBRGH                  (abs)            00009A
_T0IF                    (abs)            00005A
_TMR0                    (abs)            000001
_TRISA                   (abs)            000085
_TRISB                   (abs)            000086
_TRISD                   (abs)            000088
_TRISE                   (abs)            000089
_TXREG                   (abs)            000019
_TXSTAbits               (abs)            000098
_USART_Cadena            text2            0007A5
_USART_Rx                text1            0007F0
_USART_Tx                text3            0007DD
_WPUBbits                (abs)            000095
__Habs1                  abs1             000000
__Hbank0                 bank0            000000
__Hbank1                 bank1            000000
__Hbank2                 bank2            000000
__Hbank3                 bank3            000000
__HbssBANK0              bssBANK0         000000
__HbssCOMMON             bssCOMMON        000000
__Hcinit                 cinit            00002A
__Hclrtext               clrtext          000000
__Hcode                  code             000000
__Hcommon                common           000000
__Hconfig                config           002009
__HcstackBANK0           cstackBANK0      000000
__HcstackCOMMON          cstackCOMMON     000000
__Heeprom_data           eeprom_data      000000
__Hend_init              end_init         00000F
__Hfunctab               functab          000000
__Hinit                  init             00000C
__Hintentry              intentry         00000C
__Hmaintext              maintext         000000
__Hmaintext_split_1      maintext_split_1 000000
__Hmaintext_split_2      maintext_split_2 000000
__Hmaintext_split_3      maintext_split_3 000000
__Hmaintext_split_4      maintext_split_4 000000
__Hmaintext_split_5      maintext_split_5 000000
__Hmaintext_split_6      maintext_split_6 000000
__Hmaintext_split_7      maintext_split_7 000000
__Hmaintext_split_8      maintext_split_8 000000
__Hpowerup               powerup          000000
__Hram                   ram              000000
__Hreset_vec             reset_vec        000003
__Hsfr0                  sfr0             000000
__Hsfr1                  sfr1             000000
__Hsfr2                  sfr2             000000
__Hsfr3                  sfr3             000000
__Hspace_0               (abs)            001800
__Hspace_1               (abs)            00007C
__Hspace_2               (abs)            000000
__Hspace_3               (abs)            000000
__Hspace_4               (abs)            004010
__Hstack                 stack            000000
__Hstrings               strings          000000
__Hstringtext            stringtext       000000
__Htext                  text             000000
__Labs1                  abs1             000000
__Lbank0                 bank0            000000
__Lbank1                 bank1            000000
__Lbank2                 bank2            000000
__Lbank3                 bank3            000000
__LbssBANK0              bssBANK0         000000
__LbssCOMMON             bssCOMMON        000000
__Lcinit                 cinit            00000F
__Lclrtext               clrtext          000000
__Lcode                  code             000000
__Lcommon                common           000000
__Lconfig                config           000000
__LcstackBANK0           cstackBANK0      000000
__LcstackCOMMON          cstackCOMMON     000000
__Leeprom_data           eeprom_data      000000
__Lend_init              end_init         00000C
__Lfunctab               functab          000000
__Linit                  init             00000C
__Lintentry              intentry         000004
__Lmaintext              maintext         000000
__Lmaintext_split_1      maintext_split_1 000000
__Lmaintext_split_2      maintext_split_2 000000
__Lmaintext_split_3      maintext_split_3 000000
__Lmaintext_split_4      maintext_split_4 000000
__Lmaintext_split_5      maintext_split_5 000000
__Lmaintext_split_6      maintext_split_6 000000
__Lmaintext_split_7      maintext_split_7 000000
__Lmaintext_split_8      maintext_split_8 000000
__Lpowerup               powerup          000000
__Lram                   ram              000000
__Lreset_vec             reset_vec        000000
__Lsfr0                  sfr0             000000
__Lsfr1                  sfr1             000000
__Lsfr2                  sfr2             000000
__Lsfr3                  sfr3             000000
__Lspace_0               (abs)            000000
__Lspace_1               (abs)            000000
__Lspace_2               (abs)            000000
__Lspace_3               (abs)            000000
__Lspace_4               (abs)            000000
__Lstack                 stack            000000
__Lstrings               strings          000000
__Lstringtext            stringtext       000000
__Ltext                  text             000000
__S0                     (abs)            001800
__S1                     (abs)            00007C
__S2                     (abs)            000000
__S3                     (abs)            000000
___int_sp                stack            000000
___latbits               (abs)            000002
___sp                    stack            000000
___stackhi               (abs)            000000
___stacklo               (abs)            000000
__end_of_USART_Cadena    text2            0007CB
__end_of_USART_Rx        text1            0007F4
__end_of_USART_Tx        text3            0007E9
__end_of__initialization cinit            000026
__end_of__stringtab      strings          0007DD
__end_of_isr             text4            0007F0
__end_of_main            maintext_split_8 000793
__initialization         cinit            00000F
__pbssBANK0              bssBANK0         000020
__pbssCOMMON             bssCOMMON        000070
__pcstackBANK0           cstackBANK0      00002E
__pcstackCOMMON          cstackCOMMON     000077
__pintentry              intentry         000004
__pmaintext              maintext         0015D0
__pstrings               strings          0007CB
__pstringtext            stringtext       000800
__ptext1                 text1            0007F0
__ptext2                 text2            0007A5
__ptext3                 text3            0007DD
__ptext4                 text4            0007E9
__size_of_USART_Cadena   (abs)            000000
__size_of_USART_Rx       (abs)            000000
__size_of_USART_Tx       (abs)            000000
__size_of_isr            (abs)            000000
__size_of_main           (abs)            000000
__stringbase             strings          0007DD
__stringtab              strings          0007CB
_escala                  bssCOMMON        000074
_hora                    bssCOMMON        000076
_hora_nueva              bssCOMMON        000070
_hora_user1              bssBANK0         00002B
_hora_user2              bssBANK0         00002A
_hora_user3              bssBANK0         000029
_isr                     text4            0007E9
_main                    maintext         0015D0
_min_user1               bssCOMMON        000073
_min_user2               bssCOMMON        000072
_min_user3               bssCOMMON        000071
_minuto                  bssCOMMON        000075
_valor                   bssBANK0         00002D
_ventana                 bssBANK0         00002C
btemp                    (abs)            00007E
end_of_initialization    cinit            000026
interrupt_function       intentry         000004
intlevel0                functab          000000
intlevel1                functab          000000
intlevel2                functab          000000
intlevel3                functab          000000
intlevel4                functab          000000
intlevel5                functab          000000
pnum$maintext            (abs)            000009
pnum$maintext_split_1    (abs)            000010
pnum$maintext_split_2    (abs)            000011
pnum$maintext_split_3    (abs)            000012
pnum$maintext_split_4    (abs)            000013
pnum$maintext_split_5    (abs)            000014
pnum$maintext_split_6    (abs)            000015
pnum$maintext_split_7    (abs)            000016
pnum$maintext_split_8    (abs)            000017
psplit$0                 (abs)            090010
psplit$1                 (abs)            100011
psplit$2                 (abs)            110012
psplit$3                 (abs)            120013
psplit$4                 (abs)            130014
psplit$5                 (abs)            140015
psplit$6                 (abs)            150016
psplit$7                 (abs)            160017
reset_vec                reset_vec        000000
saved_w                  (abs)            00007E
start                    init             00000C
start_initialization     cinit            00000F
wtemp0                   (abs)            00007E


FUNCTION INFORMATION:

 *************** function _main *****************
 Defined at:
		line 69 in file "PROYECTO.c"
 Parameters:    Size  Location     Type
		None
 Auto vars:     Size  Location     Type
		None
 Return value:  Size  Location     Type
                  1    wreg      void 
 Registers used:
		wreg, fsr0l, fsr0h, status,2, status,0, btemp+1, pclath, cstack
 Tracked objects:
		On entry : 
		On exit  : 
		Unchanged: 
 Data sizes:     COMMON   BANK0   BANK1   BANK3   BANK2
      Params:         0       0       0       0       0
      Locals:         0       0       0       0       0
      Temps:          0       2       0       0       0
      Totals:         0       2       0       0       0
Total ram usage:        2 bytes
 Hardware stack levels required when called:    3
 This function calls:
		_USART_Cadena
		_USART_Rx
 This function is called by:
		Startup code after reset
 This function uses a non-reentrant model


 *************** function _USART_Rx *****************
 Defined at:
		line 1107 in file "PROYECTO.c"
 Parameters:    Size  Location     Type
		None
 Auto vars:     Size  Location     Type
		None
 Return value:  Size  Location     Type
                  1    wreg      unsigned char 
 Registers used:
		wreg
 Tracked objects:
		On entry : 
		On exit  : 
		Unchanged: 
 Data sizes:     COMMON   BANK0   BANK1   BANK3   BANK2
      Params:         0       0       0       0       0
      Locals:         0       0       0       0       0
      Temps:          0       0       0       0       0
      Totals:         0       0       0       0       0
Total ram usage:        0 bytes
 Hardware stack levels used:    1
 Hardware stack levels required when called:    1
 This function calls:
		Nothing
 This function is called by:
		_main
 This function uses a non-reentrant model


 *************** function _USART_Cadena *****************
 Defined at:
		line 1111 in file "PROYECTO.c"
 Parameters:    Size  Location     Type
  str             2    3[COMMON] PTR unsigned char 
		 -> STR_67(3), STR_66(3), STR_65(36), STR_64(44), 
		 -> STR_63(3), STR_62(3), STR_61(48), STR_60(48), 
		 -> STR_59(52), STR_58(39), STR_57(3), STR_56(3), 
		 -> STR_55(36), STR_54(44), STR_53(3), STR_52(3), 
		 -> STR_51(48), STR_50(48), STR_49(52), STR_48(39), 
		 -> STR_47(26), STR_46(48), STR_45(43), STR_44(3), 
		 -> STR_43(3), STR_42(36), STR_41(44), STR_40(3), 
		 -> STR_39(3), STR_38(48), STR_37(48), STR_36(52), 
		 -> STR_35(39), STR_34(31), STR_33(3), STR_32(3), 
		 -> STR_31(3), STR_30(3), STR_29(2), STR_28(7), 
		 -> STR_27(8), STR_26(11), STR_25(31), STR_24(3), 
		 -> STR_23(3), STR_22(3), STR_21(3), STR_20(2), 
		 -> STR_19(7), STR_18(8), STR_17(11), STR_16(31), 
		 -> STR_15(3), STR_14(3), STR_13(3), STR_12(3), 
		 -> STR_11(2), STR_10(7), STR_9(8), STR_8(11), 
		 -> STR_7(37), STR_6(34), STR_5(35), STR_4(31), 
		 -> STR_3(29), STR_2(30), STR_1(31), 
 Auto vars:     Size  Location     Type
		None
 Return value:  Size  Location     Type
                  1    wreg      void 
 Registers used:
		wreg, fsr0l, fsr0h, status,2, status,0, btemp+1, pclath, cstack
 Tracked objects:
		On entry : 
		On exit  : 
		Unchanged: 
 Data sizes:     COMMON   BANK0   BANK1   BANK3   BANK2
      Params:         2       0       0       0       0
      Locals:         0       0       0       0       0
      Temps:          0       0       0       0       0
      Totals:         2       0       0       0       0
Total ram usage:        2 bytes
 Hardware stack levels used:    1
 Hardware stack levels required when called:    2
 This function calls:
		_USART_Tx
 This function is called by:
		_main
 This function uses a non-reentrant model


 *************** function _USART_Tx *****************
 Defined at:
		line 1102 in file "PROYECTO.c"
 Parameters:    Size  Location     Type
  data            1    wreg     unsigned char 
 Auto vars:     Size  Location     Type
  data            1    2[COMMON] unsigned char 
 Return value:  Size  Location     Type
                  1    wreg      void 
 Registers used:
		wreg
 Tracked objects:
		On entry : 
		On exit  : 
		Unchanged: 
 Data sizes:     COMMON   BANK0   BANK1   BANK3   BANK2
      Params:         0       0       0       0       0
      Locals:         1       0       0       0       0
      Temps:          0       0       0       0       0
      Totals:         1       0       0       0       0
Total ram usage:        1 bytes
 Hardware stack levels used:    1
 Hardware stack levels required when called:    1
 This function calls:
		Nothing
 This function is called by:
		_USART_Cadena
 This function uses a non-reentrant model


 *************** function _isr *****************
 Defined at:
		line 63 in file "PROYECTO.c"
 Parameters:    Size  Location     Type
		None
 Auto vars:     Size  Location     Type
		None
 Return value:  Size  Location     Type
                  1    wreg      void 
 Registers used:
		None
 Tracked objects:
		On entry : 
		On exit  : 
		Unchanged: 
 Data sizes:     COMMON   BANK0   BANK1   BANK3   BANK2
      Params:         0       0       0       0       0
      Locals:         0       0       0       0       0
      Temps:          2       0       0       0       0
      Totals:         2       0       0       0       0
Total ram usage:        2 bytes
 Hardware stack levels used:    1
 This function calls:
		Nothing
 This function is called by:
		Interrupt level 1
 This function uses a non-reentrant model



MODULE INFORMATION

Module		Function		Class		Link	Load	Size
PROYECTO.c
		_USART_Rx      		CODE           	07F0	0000	4
		_main          		CODE           	15D0	0000	4210
		_USART_Tx      		CODE           	07DD	0000	12
		_isr           		CODE           	07E9	0000	7
		_USART_Cadena  		CODE           	07A5	0000	38

PROYECTO.c estimated size: 4271

shared
		__stringtab    		STRING         	07CB	0000	18
		__initialization		CODE           	000F	0000	23

shared estimated size: 41

