Microchip MPLAB XC8 Compiler V2.31

Linker command line:

-W-3 --edf=C:\Program Files\Microchip\xc8\v2.31\pic\dat\en_msgs.txt -cn \
  -h+dist/default/production\PROYECTO.X.production.sym \
  --cmf=dist/default/production\PROYECTO.X.production.cmf -z -Q16F887 \
  -oC:\Users\isaac\AppData\Local\Temp\s5l8.2 --defsym=__MPLAB_BUILD=1 \
  -Mdist/default/production/PROYECTO.X.production.map -E1 -ver=XC8 Compiler \
  --acfsm=1493 -ASTACK=0110h-016Fh -pstack=STACK -ACODE=00h-07FFhx4 \
  -ASTRCODE=00h-01FFFh -ASTRING=00h-0FFhx32 -ACONST=00h-0FFhx32 \
  -AENTRY=00h-0FFhx32 -ACOMMON=070h-07Fh -ABANK0=020h-06Fh \
  -ABANK1=0A0h-0EFh -ABANK2=0110h-016Fh -ABANK3=0190h-01EFh \
  -ARAM=020h-06Fh,0A0h-0EFh,0110h-016Fh,0190h-01EFh \
  -AABS1=020h-07Fh,0A0h-0EFh,0110h-016Fh,0190h-01EFh -ASFR0=00h-01Fh \
  -ASFR1=080h-09Fh -ASFR2=0100h-010Fh -ASFR3=0180h-018Fh \
  -ACONFIG=02007h-02008h -DCONFIG=2 -AIDLOC=02000h-02003h -DIDLOC=2 \
  -AEEDATA=00h-0FFh/02100h -peeprom_data=EEDATA -DEEDATA=2 -DCODE=2 \
  -DSTRCODE=2 -DSTRING=2 -DCONST=2 -DENTRY=2 \
  -preset_vec=00h,intentry=04h,init,end_init -ppowerup=CODE -pcinit=CODE \
  -pfunctab=ENTRY -k C:\Users\isaac\AppData\Local\Temp\s5l8.o \
  dist/default/production\PROYECTO.X.production.o 

Object code version is 3.11

Machine type is 16F887



                Name                               Link     Load   Length Selector   Space Scale
C:\Users\isaac\AppData\Local\Temp\s5l8.o
                end_init                              C        C        3        8       0
                reset_vec                             0        0        3        0       0
                config                             2007     2007        2        0       4
dist/default/production\PROYECTO.X.production.o
                cinit                                 F        F       12        8       0
                intentry                              4        4        8        8       0
                maintext_split_1                     21       21      7BE        8       0
                config                             2007     2007        2        0       4
                text8                               7DF      7DF       21        8       0
                text7                               C5D      C5D       D3     18BA       0
                text6                               BCB      BCB       37     1796       0
                text5                               E3B      E3B      1C5     1C76       0
                text4                               B99      B99        C     1732       0
                text3                               BA5      BA5       26     174A       0
                text2                               C02      C02       5B     1804       0
                text1                               B8D      B8D        4     171A       0
                maintext                            D30      D30      10B     1A60       0
                cstackBANK0                          3A       3A        3       20       1
                cstackCOMMON                         70       70        6       70       1
                clrtext                             B91      B91        8     1722       0
                bssBANK0                             20       20       1A       20       1
                bssCOMMON                            76       76        5       70       1
                stringtext                          800      800      2E7       10       0
                strings                             AE7      AE7       12     15CE       0

TOTAL           Name                               Link     Load   Length     Space
        CLASS   STACK          

        CLASS   CODE           
                end_init                              C        C        3         0
                cinit                                 F        F       12         0
                intentry                              4        4        8         0
                reset_vec                             0        0        3         0
                maintext_split_1                     21       21      7BE         0
                text8                               7DF      7DF       21         0
                text7                               C5D      C5D       D3         0
                text6                               BCB      BCB       37         0
                text5                               E3B      E3B      1C5         0
                text4                               B99      B99        C         0
                text3                               BA5      BA5       26         0
                text2                               C02      C02       5B         0
                text1                               B8D      B8D        4         0
                maintext                            D30      D30      10B         0
                clrtext                             B91      B91        8         0

        CLASS   STRCODE        
                stringtext                          800      800      2E7         0

        CLASS   STRING         
                strings                             AE7      AE7       12         0

        CLASS   CONST          

        CLASS   ENTRY          

        CLASS   COMMON         
                cstackCOMMON                         70       70        6         1
                bssCOMMON                            76       76        5         1

        CLASS   BANK0          
                cstackBANK0                          3A       3A        3         1
                bssBANK0                             20       20       1A         1

        CLASS   BANK1          

        CLASS   BANK2          

        CLASS   BANK3          

        CLASS   RAM            

        CLASS   ABS1           
                abs_s1                               7E       7E        2         1

        CLASS   SFR0           

        CLASS   SFR1           

        CLASS   SFR2           

        CLASS   SFR3           

        CLASS   CONFIG         
                config                             2007     2007        2         4

        CLASS   IDLOC          

        CLASS   EEDATA         



SEGMENTS        Name                           Load    Length   Top    Selector   Space  Class     Delta

                reset_vec                      000000  000003  000003         0       0  CODE        2
                intentry                       000004  0007FC  000800         8       0  CODE        2
                bssBANK0                       000020  00001D  00003D        20       1  BANK0       1
                cstackCOMMON                   000070  00000B  00007B        70       1  COMMON      1
                stringtext                     000800  0002E7  000AE7        10       0  STRCODE     2
                strings                        000AE7  000012  000AF9      15CE       0  STRING      2
                text1                          000B8D  000004  000B91      171A       0  CODE        2
                clrtext                        000B91  000008  000B99      1722       0  CODE        2
                text4                          000B99  00000C  000BA5      1732       0  CODE        2
                text3                          000BA5  000026  000BCB      174A       0  CODE        2
                text6                          000BCB  000037  000C02      1796       0  CODE        2
                text2                          000C02  00005B  000C5D      1804       0  CODE        2
                text7                          000C5D  0000D3  000D30      18BA       0  CODE        2
                maintext                       000D30  00010B  000E3B      1A60       0  CODE        2
                text5                          000E3B  0001C5  001000      1C76       0  CODE        2


UNUSED ADDRESS RANGES

        Name                Unused          Largest block    Delta
        BANK0            0003D-0006F              33           1
        BANK1            000A0-000EF              50           1
        BANK2            00110-0016F              60           1
        BANK3            00190-001EF              60           1
        CODE             00003-00003               1           2
                         00AF9-00B8C              94
                         01000-01FFF             800
        COMMON           0007B-0007D               3           1
        CONST            00003-00003               1           2
                         00AF9-00B8C               7
                         01000-01FFF             100
        EEDATA           02100-021FF             100           2
        ENTRY            00003-00003               1           2
                         00AF9-00B8C               7
                         01000-01FFF             100
        IDLOC            02000-02003               4           2
        RAM              0003D-0006F              33           1
                         000A0-000EF              50
                         00110-0016F              60
                         00190-001EF              60
        SFR0             00000-0001F              20           1
        SFR1             00080-0009F              20           1
        SFR2             00100-0010F              10           1
        SFR3             00180-0018F              10           1
        STACK            00110-0016F              60           1
        STRCODE          00003-00003               1           2
                         00AF9-00B8C              94
                         01000-01FFF            1000
        STRING           00003-00003               1           2
                         00AF9-00B8C               7
                         01000-01FFF             100

                                  Symbol Table

CharToNumH@hora_user     cstackCOMMON     00073
CharToNumH@in            cstackBANK0      0003A
CharToNumM@her           cstackCOMMON     00073
CharToNumM@in            cstackCOMMON     00075
SendCharH@in             cstackCOMMON     00075
SendCharM@in             cstackBANK0      0003A
USART_Cadena@str         cstackCOMMON     00074
USART_Tx@data            cstackCOMMON     00073
_ADCON0bits              (abs)            0001F
_ADCON1bits              (abs)            0009F
_ADRESH                  (abs)            0001E
_ANSEL                   (abs)            00188
_ANSELH                  (abs)            00189
_BAUDCTLbits             (abs)            00187
_CharToNumH              text7            00C5D
_CharToNumM              text6            00BCB
_INTCONbits              (abs)            0000B
_OPTION_REGbits          (abs)            00081
_OSCCONbits              (abs)            0008F
_PIE1bits                (abs)            0008C
_PIR1bits                (abs)            0000C
_PORTA                   (abs)            00005
_PORTB                   (abs)            00006
_PORTC                   (abs)            00007
_PORTD                   (abs)            00008
_PORTE                   (abs)            00009
_RB0                     (abs)            00030
_RB1                     (abs)            00031
_RB2                     (abs)            00032
_RB3                     (abs)            00033
_RB4                     (abs)            00034
_RB5                     (abs)            00035
_RB6                     (abs)            00036
_RB7                     (abs)            00037
_RCREG                   (abs)            0001A
_RCSTAbits               (abs)            00018
_RD0                     (abs)            00040
_RD1                     (abs)            00041
_RD2                     (abs)            00042
_SPBRG                   (abs)            00099
_SPBRGH                  (abs)            0009A
_SendCharH               text5            00E3B
_SendCharM               text2            00C02
_T0IF                    (abs)            0005A
_T1CONbits               (abs)            00010
_TMR0                    (abs)            00001
_TMR1H                   (abs)            0000F
_TMR1IE                  (abs)            00460
_TMR1IF                  (abs)            00060
_TMR1L                   (abs)            0000E
_TRISA                   (abs)            00085
_TRISB                   (abs)            00086
_TRISD                   (abs)            00088
_TRISE                   (abs)            00089
_TXREG                   (abs)            00019
_TXSTAbits               (abs)            00098
_USART_Cadena            text3            00BA5
_USART_Rx                text1            00B8D
_USART_Tx                text4            00B99
_WPUBbits                (abs)            00095
__Habs1                  abs1             00000
__Hbank0                 bank0            00000
__Hbank1                 bank1            00000
__Hbank2                 bank2            00000
__Hbank3                 bank3            00000
__HbssBANK0              bssBANK0         00000
__HbssCOMMON             bssCOMMON        00000
__Hcinit                 cinit            00021
__Hclrtext               clrtext          00000
__Hcode                  code             00000
__Hcommon                common           00000
__Hconfig                config           02009
__HcstackBANK0           cstackBANK0      00000
__HcstackCOMMON          cstackCOMMON     00000
__Heeprom_data           eeprom_data      00000
__Hend_init              end_init         0000F
__Hfunctab               functab          00000
__Hinit                  init             0000C
__Hintentry              intentry         0000C
__Hmaintext              maintext         00000
__Hmaintext_split_1      maintext_split_1 00000
__Hpowerup               powerup          00000
__Hram                   ram              00000
__Hreset_vec             reset_vec        00003
__Hsfr0                  sfr0             00000
__Hsfr1                  sfr1             00000
__Hsfr2                  sfr2             00000
__Hsfr3                  sfr3             00000
__Hspace_0               (abs)            01000
__Hspace_1               (abs)            0007B
__Hspace_2               (abs)            00000
__Hspace_3               (abs)            00000
__Hspace_4               (abs)            04010
__Hstack                 stack            00000
__Hstrings               strings          00000
__Hstringtext            stringtext       00000
__Htext                  text             00000
__Labs1                  abs1             00000
__Lbank0                 bank0            00000
__Lbank1                 bank1            00000
__Lbank2                 bank2            00000
__Lbank3                 bank3            00000
__LbssBANK0              bssBANK0         00000
__LbssCOMMON             bssCOMMON        00000
__Lcinit                 cinit            0000F
__Lclrtext               clrtext          00000
__Lcode                  code             00000
__Lcommon                common           00000
__Lconfig                config           00000
__LcstackBANK0           cstackBANK0      00000
__LcstackCOMMON          cstackCOMMON     00000
__Leeprom_data           eeprom_data      00000
__Lend_init              end_init         0000C
__Lfunctab               functab          00000
__Linit                  init             0000C
__Lintentry              intentry         00004
__Lmaintext              maintext         00000
__Lmaintext_split_1      maintext_split_1 00000
__Lpowerup               powerup          00000
__Lram                   ram              00000
__Lreset_vec             reset_vec        00000
__Lsfr0                  sfr0             00000
__Lsfr1                  sfr1             00000
__Lsfr2                  sfr2             00000
__Lsfr3                  sfr3             00000
__Lspace_0               (abs)            00000
__Lspace_1               (abs)            00000
__Lspace_2               (abs)            00000
__Lspace_3               (abs)            00000
__Lspace_4               (abs)            00000
__Lstack                 stack            00000
__Lstrings               strings          00000
__Lstringtext            stringtext       00000
__Ltext                  text             00000
__S0                     (abs)            01000
__S1                     (abs)            0007B
__S2                     (abs)            00000
__S3                     (abs)            00000
___int_sp                stack            00000
___latbits               (abs)            00002
___sp                    stack            00000
___stackhi               (abs)            00000
___stacklo               (abs)            00000
__end_of_CharToNumH      text7            00D30
__end_of_CharToNumM      text6            00C02
__end_of_SendCharH       text5            01000
__end_of_SendCharM       text2            00C5D
__end_of_USART_Cadena    text3            00BCB
__end_of_USART_Rx        text1            00B91
__end_of_USART_Tx        text4            00BA5
__end_of__initialization cinit            0001D
__end_of__stringtab      strings          00AF9
__end_of_isr             text8            00800
__end_of_main            maintext_split_1 007DF
__initialization         cinit            0000F
__pbssBANK0              bssBANK0         00020
__pbssCOMMON             bssCOMMON        00076
__pcstackBANK0           cstackBANK0      0003A
__pcstackCOMMON          cstackCOMMON     00070
__pintentry              intentry         00004
__pmaintext              maintext         00D30
__pstrings               strings          00AE7
__pstringtext            stringtext       00800
__ptext1                 text1            00B8D
__ptext2                 text2            00C02
__ptext3                 text3            00BA5
__ptext4                 text4            00B99
__ptext5                 text5            00E3B
__ptext6                 text6            00BCB
__ptext7                 text7            00C5D
__ptext8                 text8            007DF
__size_of_CharToNumH     (abs)            00000
__size_of_CharToNumM     (abs)            00000
__size_of_SendCharH      (abs)            00000
__size_of_SendCharM      (abs)            00000
__size_of_USART_Cadena   (abs)            00000
__size_of_USART_Rx       (abs)            00000
__size_of_USART_Tx       (abs)            00000
__size_of_isr            (abs)            00000
__size_of_main           (abs)            00000
__stringbase             strings          00AF9
__stringtab              strings          00AE7
_cont                    bssBANK0         00020
_escala                  bssCOMMON        00078
_hora                    bssCOMMON        0007A
_hora_nueva              bssCOMMON        00076
_hora_user1              bssBANK0         00035
_hora_user2              bssBANK0         00034
_hora_user3              bssBANK0         00033
_isr                     text8            007DF
_main                    maintext         00D30
_me_1_us1_h              bssBANK0         00032
_me_1_us1_m              bssBANK0         00029
_me_1_us2_h              bssBANK0         0002F
_me_1_us2_m              bssBANK0         00026
_me_1_us3_h              bssBANK0         0002C
_me_1_us3_m              bssBANK0         00023
_me_2_us1_h              bssBANK0         00031
_me_2_us1_m              bssBANK0         00028
_me_2_us2_h              bssBANK0         0002E
_me_2_us2_m              bssBANK0         00025
_me_2_us3_h              bssBANK0         0002B
_me_2_us3_m              bssBANK0         00022
_me_3_us1_h              bssBANK0         00030
_me_3_us1_m              bssBANK0         00027
_me_3_us2_h              bssBANK0         0002D
_me_3_us2_m              bssBANK0         00024
_me_3_us3_h              bssBANK0         0002A
_me_3_us3_m              bssBANK0         00021
_min_user1               bssCOMMON        00077
_min_user2               bssBANK0         00037
_min_user3               bssBANK0         00036
_minuto                  bssCOMMON        00079
_valor                   bssBANK0         00039
_ventana                 bssBANK0         00038
btemp                    (abs)            0007E
clear_ram0               clrtext          00B91
end_of_initialization    cinit            0001D
interrupt_function       intentry         00004
intlevel0                functab          00000
intlevel1                functab          00000
intlevel2                functab          00000
intlevel3                functab          00000
intlevel4                functab          00000
intlevel5                functab          00000
pnum$maintext            (abs)            0000A
pnum$maintext_split_1    (abs)            00015
psplit$0                 (abs)            A0015
reset_vec                reset_vec        00000
saved_w                  (abs)            0007E
start                    init             0000C
start_initialization     cinit            0000F
wtemp0                   (abs)            0007E


FUNCTION INFORMATION:

 *************** function _main *****************
 Defined at:
		line 90 in file "PROYECTO.c"
 Parameters:    Size  Location     Type
		None
 Auto vars:     Size  Location     Type
		None
 Return value:  Size  Location     Type
                  1    wreg      void 
 Registers used:
		wreg, fsr0l, fsr0h, status,2, status,0, btemp+1, pclath, cstack
 Tracked objects:
		On entry : 
		On exit  : 
		Unchanged: 
 Data sizes:     COMMON   BANK0   BANK1   BANK3   BANK2
      Params:         0       0       0       0       0
      Locals:         0       0       0       0       0
      Temps:          0       2       0       0       0
      Totals:         0       2       0       0       0
Total ram usage:        2 bytes
 Hardware stack levels required when called:    4
 This function calls:
		_CharToNumH
		_CharToNumM
		_SendCharH
		_SendCharM
		_USART_Cadena
		_USART_Rx
 This function is called by:
		Startup code after reset
 This function uses a non-reentrant model


 *************** function _USART_Rx *****************
 Defined at:
		line 562 in file "PROYECTO.c"
 Parameters:    Size  Location     Type
		None
 Auto vars:     Size  Location     Type
		None
 Return value:  Size  Location     Type
                  1    wreg      unsigned char 
 Registers used:
		wreg
 Tracked objects:
		On entry : 
		On exit  : 
		Unchanged: 
 Data sizes:     COMMON   BANK0   BANK1   BANK3   BANK2
      Params:         0       0       0       0       0
      Locals:         0       0       0       0       0
      Temps:          0       0       0       0       0
      Totals:         0       0       0       0       0
Total ram usage:        0 bytes
 Hardware stack levels used:    1
 Hardware stack levels required when called:    1
 This function calls:
		Nothing
 This function is called by:
		_main
 This function uses a non-reentrant model


 *************** function _SendCharM *****************
 Defined at:
		line 732 in file "PROYECTO.c"
 Parameters:    Size  Location     Type
  in              1    wreg     unsigned char 
 Auto vars:     Size  Location     Type
  in              1    0[BANK0 ] unsigned char 
 Return value:  Size  Location     Type
                  1    wreg      void 
 Registers used:
		wreg, fsr0l, fsr0h, status,2, status,0, btemp+1, pclath, cstack
 Tracked objects:
		On entry : 
		On exit  : 
		Unchanged: 
 Data sizes:     COMMON   BANK0   BANK1   BANK3   BANK2
      Params:         0       0       0       0       0
      Locals:         0       1       0       0       0
      Temps:          0       0       0       0       0
      Totals:         0       1       0       0       0
Total ram usage:        1 bytes
 Hardware stack levels used:    1
 Hardware stack levels required when called:    3
 This function calls:
		_USART_Cadena
 This function is called by:
		_main
 This function uses a non-reentrant model


 *************** function _USART_Cadena *****************
 Defined at:
		line 566 in file "PROYECTO.c"
 Parameters:    Size  Location     Type
  str             2    4[COMMON] PTR unsigned char 
		 -> STR_87(3), STR_86(3), STR_85(3), STR_84(3), 
		 -> STR_83(2), STR_82(26), STR_81(48), STR_80(43), 
		 -> STR_79(3), STR_78(3), STR_77(36), STR_76(44), 
		 -> STR_75(3), STR_74(3), STR_73(48), STR_72(48), 
		 -> STR_71(52), STR_70(39), STR_69(26), STR_68(48), 
		 -> STR_67(43), STR_66(3), STR_65(3), STR_64(36), 
		 -> STR_63(44), STR_62(3), STR_61(3), STR_60(48), 
		 -> STR_59(48), STR_58(52), STR_57(39), STR_56(26), 
		 -> STR_55(48), STR_54(43), STR_53(3), STR_52(3), 
		 -> STR_51(36), STR_50(44), STR_49(3), STR_48(3), 
		 -> STR_47(48), STR_46(48), STR_45(52), STR_44(39), 
		 -> STR_43(32), STR_42(7), STR_41(8), STR_40(11), 
		 -> STR_39(31), STR_38(7), STR_37(8), STR_36(11), 
		 -> STR_35(31), STR_34(7), STR_33(8), STR_32(11), 
		 -> STR_31(32), STR_30(7), STR_29(8), STR_28(11), 
		 -> STR_27(31), STR_26(7), STR_25(8), STR_24(11), 
		 -> STR_23(31), STR_22(7), STR_21(8), STR_20(11), 
		 -> STR_19(32), STR_18(7), STR_17(8), STR_16(11), 
		 -> STR_15(31), STR_14(7), STR_13(8), STR_12(11), 
		 -> STR_11(31), STR_10(7), STR_9(8), STR_8(11), 
		 -> STR_7(37), STR_6(34), STR_5(35), STR_4(31), 
		 -> STR_3(29), STR_2(30), STR_1(31), 
 Auto vars:     Size  Location     Type
		None
 Return value:  Size  Location     Type
                  1    wreg      void 
 Registers used:
		wreg, fsr0l, fsr0h, status,2, status,0, btemp+1, pclath, cstack
 Tracked objects:
		On entry : 
		On exit  : 
		Unchanged: 
 Data sizes:     COMMON   BANK0   BANK1   BANK3   BANK2
      Params:         2       0       0       0       0
      Locals:         0       0       0       0       0
      Temps:          0       0       0       0       0
      Totals:         2       0       0       0       0
Total ram usage:        2 bytes
 Hardware stack levels used:    1
 Hardware stack levels required when called:    2
 This function calls:
		_USART_Tx
 This function is called by:
		_main
		_SendCharM
 This function uses a non-reentrant model


 *************** function _USART_Tx *****************
 Defined at:
		line 557 in file "PROYECTO.c"
 Parameters:    Size  Location     Type
  data            1    wreg     unsigned char 
 Auto vars:     Size  Location     Type
  data            1    3[COMMON] unsigned char 
 Return value:  Size  Location     Type
                  1    wreg      void 
 Registers used:
		wreg
 Tracked objects:
		On entry : 
		On exit  : 
		Unchanged: 
 Data sizes:     COMMON   BANK0   BANK1   BANK3   BANK2
      Params:         0       0       0       0       0
      Locals:         1       0       0       0       0
      Temps:          0       0       0       0       0
      Totals:         1       0       0       0       0
Total ram usage:        1 bytes
 Hardware stack levels used:    1
 Hardware stack levels required when called:    1
 This function calls:
		Nothing
 This function is called by:
		_USART_Cadena
 This function uses a non-reentrant model


 *************** function _SendCharH *****************
 Defined at:
		line 573 in file "PROYECTO.c"
 Parameters:    Size  Location     Type
  in              1    wreg     unsigned char 
 Auto vars:     Size  Location     Type
  in              1    5[COMMON] unsigned char 
 Return value:  Size  Location     Type
                  1    wreg      void 
 Registers used:
		wreg, fsr0l, fsr0h, status,2, status,0
 Tracked objects:
		On entry : 
		On exit  : 
		Unchanged: 
 Data sizes:     COMMON   BANK0   BANK1   BANK3   BANK2
      Params:         0       0       0       0       0
      Locals:         1       0       0       0       0
      Temps:          2       0       0       0       0
      Totals:         3       0       0       0       0
Total ram usage:        3 bytes
 Hardware stack levels used:    1
 Hardware stack levels required when called:    1
 This function calls:
		Nothing
 This function is called by:
		_main
 This function uses a non-reentrant model


 *************** function _CharToNumM *****************
 Defined at:
		line 827 in file "PROYECTO.c"
 Parameters:    Size  Location     Type
  in              1    wreg     unsigned char 
  her             1    3[COMMON] unsigned char 
 Auto vars:     Size  Location     Type
  in              1    5[COMMON] unsigned char 
 Return value:  Size  Location     Type
                  1    wreg      unsigned char 
 Registers used:
		wreg, status,2, status,0
 Tracked objects:
		On entry : 
		On exit  : 
		Unchanged: 
 Data sizes:     COMMON   BANK0   BANK1   BANK3   BANK2
      Params:         1       0       0       0       0
      Locals:         1       0       0       0       0
      Temps:          1       0       0       0       0
      Totals:         3       0       0       0       0
Total ram usage:        3 bytes
 Hardware stack levels used:    1
 Hardware stack levels required when called:    1
 This function calls:
		Nothing
 This function is called by:
		_main
 This function uses a non-reentrant model


 *************** function _CharToNumH *****************
 Defined at:
		line 747 in file "PROYECTO.c"
 Parameters:    Size  Location     Type
  in              1    wreg     unsigned char 
  hora_user       1    3[COMMON] unsigned char 
 Auto vars:     Size  Location     Type
  in              1    0[BANK0 ] unsigned char 
 Return value:  Size  Location     Type
                  1    wreg      unsigned char 
 Registers used:
		wreg, fsr0l, fsr0h, status,2, status,0
 Tracked objects:
		On entry : 
		On exit  : 
		Unchanged: 
 Data sizes:     COMMON   BANK0   BANK1   BANK3   BANK2
      Params:         1       0       0       0       0
      Locals:         0       1       0       0       0
      Temps:          2       0       0       0       0
      Totals:         3       1       0       0       0
Total ram usage:        4 bytes
 Hardware stack levels used:    1
 Hardware stack levels required when called:    1
 This function calls:
		Nothing
 This function is called by:
		_main
 This function uses a non-reentrant model


 *************** function _isr *****************
 Defined at:
		line 71 in file "PROYECTO.c"
 Parameters:    Size  Location     Type
		None
 Auto vars:     Size  Location     Type
		None
 Return value:  Size  Location     Type
                  1    wreg      void 
 Registers used:
		wreg, status,2, status,0
 Tracked objects:
		On entry : 
		On exit  : 
		Unchanged: 
 Data sizes:     COMMON   BANK0   BANK1   BANK3   BANK2
      Params:         0       0       0       0       0
      Locals:         0       0       0       0       0
      Temps:          3       0       0       0       0
      Totals:         3       0       0       0       0
Total ram usage:        3 bytes
 Hardware stack levels used:    1
 This function calls:
		Nothing
 This function is called by:
		Interrupt level 1
 This function uses a non-reentrant model



MODULE INFORMATION

Module		Function		Class		Link	Load	Size
PROYECTO.c
		_USART_Rx      		CODE           	0B8D	0000	4
		_main          		CODE           	0D30	0000	2249
		_CharToNumH    		CODE           	0C5D	0000	211
		_CharToNumM    		CODE           	0BCB	0000	55
		_SendCharH     		CODE           	0E3B	0000	453
		_SendCharM     		CODE           	0C02	0000	91
		_USART_Tx      		CODE           	0B99	0000	12
		_isr           		CODE           	07DF	0000	33
		_USART_Cadena  		CODE           	0BA5	0000	38

PROYECTO.c estimated size: 3146

shared
		__stringtab    		STRING         	0AE7	0000	18
		__initialization		CODE           	000F	0000	14

shared estimated size: 32

