Microchip MPLAB XC8 Compiler V2.31

Linker command line:

-W-3 --edf=C:\Program Files\Microchip\xc8\v2.31\pic\dat\en_msgs.txt -cn \
  -h+dist/default/debug\LAB7.X.debug.sym \
  --cmf=dist/default/debug\LAB7.X.debug.cmf -z -Q16F887 \
  -oC:\Users\isaac\AppData\Local\Temp\s664.2 --defsym=__MPLAB_BUILD=1 \
  -Mdist/default/debug/LAB7.X.debug.map -E1 -ver=XC8 Compiler --acfsm=1493 \
  -ASTACK=0110h-016Fh -pstack=STACK -ACODE=00h-07FFhx4 -ASTRCODE=00h-01FFFh \
  -ASTRING=00h-0FFhx32 -ACONST=00h-0FFhx32 -AENTRY=00h-0FFhx32 \
  -ACOMMON=070h-07Fh -ABANK0=020h-06Fh -ABANK1=0A0h-0EFh \
  -ABANK2=0110h-016Fh -ABANK3=0190h-01EFh \
  -ARAM=020h-06Fh,0A0h-0EFh,0110h-016Fh,0190h-01EFh \
  -AABS1=020h-07Fh,0A0h-0EFh,0110h-016Fh,0190h-01EFh -ASFR0=00h-01Fh \
  -ASFR1=080h-09Fh -ASFR2=0100h-010Fh -ASFR3=0180h-018Fh \
  -ACONFIG=02007h-02008h -DCONFIG=2 -AIDLOC=02000h-02003h -DIDLOC=2 \
  -AEEDATA=00h-0FFh/02100h -peeprom_data=EEDATA -DEEDATA=2 -DCODE=2 \
  -DSTRCODE=2 -DSTRING=2 -DCONST=2 -DENTRY=2 \
  -preset_vec=00h,intentry=04h,init,end_init -ppowerup=CODE -pcinit=CODE \
  -pfunctab=ENTRY -k C:\Users\isaac\AppData\Local\Temp\s664.o \
  dist/default/debug\LAB7.X.debug.o 

Object code version is 3.11

Machine type is 16F887



                Name                               Link     Load   Length Selector   Space Scale
C:\Users\isaac\AppData\Local\Temp\s664.o
                end_init                             12       12        3        8       0
                reset_vec                             0        0        3        0       0
                config                             2007     2007        2        0       4
dist/default/debug\LAB7.X.debug.o
                cinit                                15       15        8        8       0
                intentry                              4        4        E        8       0
                config                             2007     2007        2        0       4
                text3                                C8       C8       71        8       0
                text2                               139      139       69        8       0
                text1                               1A2      1A2       27        8       0
                maintext                             1D       1D       AB        8       0
                cstackBANK0                          20       20       13       20       1
                cstackCOMMON                         70       70        5       70       1
                bssBANK0                             39       39        2       20       1
                nvBANK0                              33       33        6       20       1
                nvCOMMON                             75       75        4       70       1
                strings                             1C9      1C9       10      392       0

TOTAL           Name                               Link     Load   Length     Space
        CLASS   STACK          

        CLASS   CODE           
                end_init                             12       12        3         0
                cinit                                15       15        8         0
                intentry                              4        4        E         0
                reset_vec                             0        0        3         0
                text3                                C8       C8       71         0
                text2                               139      139       69         0
                text1                               1A2      1A2       27         0
                maintext                             1D       1D       AB         0

        CLASS   STRCODE        

        CLASS   STRING         
                strings                             1C9      1C9       10         0

        CLASS   CONST          

        CLASS   ENTRY          

        CLASS   COMMON         
                cstackCOMMON                         70       70        5         1
                nvCOMMON                             75       75        4         1

        CLASS   BANK0          
                cstackBANK0                          20       20       13         1
                bssBANK0                             39       39        2         1
                nvBANK0                              33       33        6         1

        CLASS   BANK1          

        CLASS   BANK2          

        CLASS   BANK3          

        CLASS   RAM            

        CLASS   ABS1           
                abs_s1                               7E       7E        2         1

        CLASS   SFR0           

        CLASS   SFR1           

        CLASS   SFR2           

        CLASS   SFR3           

        CLASS   CONFIG         
                config                             2007     2007        2         4

        CLASS   IDLOC          

        CLASS   EEDATA         



SEGMENTS        Name                           Load    Length   Top    Selector   Space  Class     Delta

                reset_vec                      000000  000003  000003         0       0  CODE        2
                intentry                       000004  0001C5  0001C9         8       0  CODE        2
                cstackBANK0                    000020  00001B  00003B        20       1  BANK0       1
                cstackCOMMON                   000070  000009  000079        70       1  COMMON      1
                strings                        0001C9  000010  0001D9       392       0  STRING      2


UNUSED ADDRESS RANGES

        Name                Unused          Largest block    Delta
        BANK0            003B-006F             35           1
        BANK1            00A0-00EF             50           1
        BANK2            0110-016F             60           1
        BANK3            0190-01EF             60           1
        CODE             0003-0003              1           2
                         01D9-1FFF            800
        COMMON           0079-007D              5           1
        CONST            0003-0003              1           2
                         01D9-1FFF            100
        EEDATA           2100-21FF            100           2
        ENTRY            0003-0003              1           2
                         01D9-1FFF            100
        IDLOC            2000-2003              4           2
        RAM              003B-006F             35           1
                         00A0-00EF             50
                         0110-016F             60
                         0190-01EF             60
        SFR0             0000-001F             20           1
        SFR1             0080-009F             20           1
        SFR2             0100-010F             10           1
        SFR3             0180-018F             10           1
        STACK            0110-016F             60           1
        STRCODE          0003-0003              1           2
                         01D9-1FFF           1E27
        STRING           0003-0003              1           2
                         01D9-1FFF            100

                                  Symbol Table

?___awdiv                cstackBANK0  0026
?___wmul                 cstackBANK0  0020
_ANSEL                   (abs)        0188
_ANSELH                  (abs)        0189
_INTCONbits              (abs)        000B
_IOCBbits                (abs)        0096
_OPTION_REGbits          (abs)        0081
_OSCCONbits              (abs)        008F
_PORTA                   (abs)        0005
_PORTB                   (abs)        0006
_PORTC                   (abs)        0007
_PORTD                   (abs)        0008
_RB0                     (abs)        0030
_RB1                     (abs)        0031
_RB5                     (abs)        0035
_RB6                     (abs)        0036
_RB7                     (abs)        0037
_RBIF                    (abs)        0058
_T0IF                    (abs)        005A
_TMR0                    (abs)        0001
_TRISA                   (abs)        0085
_TRISB                   (abs)        0086
_TRISC                   (abs)        0087
_TRISD                   (abs)        0088
_WPUBbits                (abs)        0095
__Habs1                  abs1         0000
__Hbank0                 bank0        0000
__Hbank1                 bank1        0000
__Hbank2                 bank2        0000
__Hbank3                 bank3        0000
__HbssBANK0              bssBANK0     0000
__Hcinit                 cinit        001D
__Hclrtext               clrtext      0000
__Hcode                  code         0000
__Hcommon                common       0000
__Hconfig                config       2009
__HcstackBANK0           cstackBANK0  0000
__HcstackCOMMON          cstackCOMMON 0000
__Heeprom_data           eeprom_data  0000
__Hend_init              end_init     0015
__Hfunctab               functab      0000
__Hinit                  init         0012
__Hintentry              intentry     0012
__Hmaintext              maintext     0000
__HnvBANK0               nvBANK0      0000
__HnvCOMMON              nvCOMMON     0000
__Hpowerup               powerup      0000
__Hram                   ram          0000
__Hreset_vec             reset_vec    0003
__Hsfr0                  sfr0         0000
__Hsfr1                  sfr1         0000
__Hsfr2                  sfr2         0000
__Hsfr3                  sfr3         0000
__Hspace_0               (abs)        01D9
__Hspace_1               (abs)        0079
__Hspace_2               (abs)        0000
__Hspace_3               (abs)        0000
__Hspace_4               (abs)        4010
__Hstack                 stack        0000
__Hstrings               strings      0000
__Htext                  text         0000
__Labs1                  abs1         0000
__Lbank0                 bank0        0000
__Lbank1                 bank1        0000
__Lbank2                 bank2        0000
__Lbank3                 bank3        0000
__LbssBANK0              bssBANK0     0000
__Lcinit                 cinit        0015
__Lclrtext               clrtext      0000
__Lcode                  code         0000
__Lcommon                common       0000
__Lconfig                config       0000
__LcstackBANK0           cstackBANK0  0000
__LcstackCOMMON          cstackCOMMON 0000
__Leeprom_data           eeprom_data  0000
__Lend_init              end_init     0012
__Lfunctab               functab      0000
__Linit                  init         0012
__Lintentry              intentry     0004
__Lmaintext              maintext     0000
__LnvBANK0               nvBANK0      0000
__LnvCOMMON              nvCOMMON     0000
__Lpowerup               powerup      0000
__Lram                   ram          0000
__Lreset_vec             reset_vec    0000
__Lsfr0                  sfr0         0000
__Lsfr1                  sfr1         0000
__Lsfr2                  sfr2         0000
__Lsfr3                  sfr3         0000
__Lspace_0               (abs)        0000
__Lspace_1               (abs)        0000
__Lspace_2               (abs)        0000
__Lspace_3               (abs)        0000
__Lspace_4               (abs)        0000
__Lstack                 stack        0000
__Lstrings               strings      0000
__Ltext                  text         0000
__S0                     (abs)        01D9
__S1                     (abs)        0079
__S2                     (abs)        0000
__S3                     (abs)        0000
___awdiv                 text2        0139
___awdiv@counter         cstackBANK0  002B
___awdiv@dividend        cstackBANK0  0028
___awdiv@divisor         cstackBANK0  0026
___awdiv@quotient        cstackBANK0  002D
___awdiv@sign            cstackBANK0  002C
___int_sp                stack        0000
___latbits               (abs)        0002
___sp                    stack        0000
___stackhi               (abs)        0000
___stacklo               (abs)        0000
___wmul                  text1        01A2
___wmul@multiplicand     cstackBANK0  0022
___wmul@multiplier       cstackBANK0  0020
___wmul@product          cstackBANK0  0024
__end_of___awdiv         text2        01A2
__end_of___wmul          text1        01C9
__end_of__initialization cinit        0019
__end_of__stringtab      strings      01CF
__end_of_isr             text3        0139
__end_of_main            maintext     00C8
__end_of_num_display     strings      01D9
__initialization         cinit        0015
__pbssBANK0              bssBANK0     0039
__pcstackBANK0           cstackBANK0  0020
__pcstackCOMMON          cstackCOMMON 0070
__pintentry              intentry     0004
__pmaintext              maintext     001D
__pnvBANK0               nvBANK0      0033
__pnvCOMMON              nvCOMMON     0075
__pstrings               strings      01C9
__ptext1                 text1        01A2
__ptext2                 text2        0139
__ptext3                 text3        00C8
__size_of___awdiv        (abs)        0000
__size_of___wmul         (abs)        0000
__size_of_isr            (abs)        0000
__size_of_main           (abs)        0000
__stringbase             strings      01CE
__stringtab              strings      01C9
_centena                 nvCOMMON     0077
_decena                  nvBANK0      0037
_dividendo               nvBANK0      0033
_isr                     text3        00C8
_main                    maintext     001D
_num_display             strings      01CF
_turno                   nvCOMMON     0075
_unidad                  nvBANK0      0035
btemp                    (abs)        007E
end_of_initialization    cinit        0019
interrupt_function       intentry     0004
intlevel0                functab      0000
intlevel1                functab      0000
intlevel2                functab      0000
intlevel3                functab      0000
intlevel4                functab      0000
intlevel5                functab      0000
reset_vec                reset_vec    0000
saved_w                  (abs)        007E
start                    init         0012
start_initialization     cinit        0015
wtemp0                   (abs)        007E


FUNCTION INFORMATION:

 *************** function _main *****************
 Defined at:
		line 89 in file "lab7.c"
 Parameters:    Size  Location     Type
		None
 Auto vars:     Size  Location     Type
		None
 Return value:  Size  Location     Type
                  1    wreg      void 
 Registers used:
		wreg, status,2, status,0, pclath, cstack
 Tracked objects:
		On entry : 
		On exit  : 
		Unchanged: 
 Data sizes:     COMMON   BANK0   BANK1   BANK3   BANK2
      Params:         0       0       0       0       0
      Locals:         0       0       0       0       0
      Temps:          0       4       0       0       0
      Totals:         0       4       0       0       0
Total ram usage:        4 bytes
 Hardware stack levels required when called:    3
 This function calls:
		___awdiv
		___wmul
 This function is called by:
		Startup code after reset
 This function uses a non-reentrant model


 *************** function ___wmul *****************
 Defined at:
		line 15 in file "C:\Program Files\Microchip\xc8\v2.31\pic\sources\c90\common\Umul16.c"
 Parameters:    Size  Location     Type
  multiplier      2    0[BANK0 ] unsigned int 
  multiplicand    2    2[BANK0 ] unsigned int 
 Auto vars:     Size  Location     Type
  product         2    4[BANK0 ] unsigned int 
 Return value:  Size  Location     Type
                  2    0[BANK0 ] unsigned int 
 Registers used:
		wreg, status,2, status,0
 Tracked objects:
		On entry : 
		On exit  : 
		Unchanged: 
 Data sizes:     COMMON   BANK0   BANK1   BANK3   BANK2
      Params:         0       4       0       0       0
      Locals:         0       2       0       0       0
      Temps:          0       0       0       0       0
      Totals:         0       6       0       0       0
Total ram usage:        6 bytes
 Hardware stack levels used:    1
 Hardware stack levels required when called:    2
 This function calls:
		Nothing
 This function is called by:
		_main
 This function uses a non-reentrant model


 *************** function ___awdiv *****************
 Defined at:
		line 5 in file "C:\Program Files\Microchip\xc8\v2.31\pic\sources\c90\common\awdiv.c"
 Parameters:    Size  Location     Type
  divisor         2    6[BANK0 ] int 
  dividend        2    8[BANK0 ] int 
 Auto vars:     Size  Location     Type
  quotient        2   13[BANK0 ] int 
  sign            1   12[BANK0 ] unsigned char 
  counter         1   11[BANK0 ] unsigned char 
 Return value:  Size  Location     Type
                  2    6[BANK0 ] int 
 Registers used:
		wreg, status,2, status,0
 Tracked objects:
		On entry : 
		On exit  : 
		Unchanged: 
 Data sizes:     COMMON   BANK0   BANK1   BANK3   BANK2
      Params:         0       4       0       0       0
      Locals:         0       4       0       0       0
      Temps:          0       1       0       0       0
      Totals:         0       9       0       0       0
Total ram usage:        9 bytes
 Hardware stack levels used:    1
 Hardware stack levels required when called:    2
 This function calls:
		Nothing
 This function is called by:
		_main
 This function uses a non-reentrant model


 *************** function _isr *****************
 Defined at:
		line 48 in file "lab7.c"
 Parameters:    Size  Location     Type
		None
 Auto vars:     Size  Location     Type
		None
 Return value:  Size  Location     Type
                  1    wreg      void 
 Registers used:
		wreg, fsr0l, fsr0h, status,2, status,0, pclath
 Tracked objects:
		On entry : 
		On exit  : 
		Unchanged: 
 Data sizes:     COMMON   BANK0   BANK1   BANK3   BANK2
      Params:         0       0       0       0       0
      Locals:         0       0       0       0       0
      Temps:          5       0       0       0       0
      Totals:         5       0       0       0       0
Total ram usage:        5 bytes
 Hardware stack levels used:    2
 This function calls:
		Nothing
 This function is called by:
		Interrupt level 1
 This function uses a non-reentrant model



MODULE INFORMATION

Module		Function		Class		Link	Load	Size
C:\Program Files\Microchip\xc8\v2.31\pic\sources\c90\common\Umul16.c
		___wmul        		CODE           	01A2	0000	39

C:\Program Files\Microchip\xc8\v2.31\pic\sources\c90\common\Umul16.c estimated size: 39

lab7.c
		_main          		CODE           	001D	0000	171
		_isr           		CODE           	00C8	0000	113

lab7.c estimated size: 284

C:\Program Files\Microchip\xc8\v2.31\pic\sources\c90\common\awdiv.c
		___awdiv       		CODE           	0139	0000	105

C:\Program Files\Microchip\xc8\v2.31\pic\sources\c90\common\awdiv.c estimated size: 105

shared
		_num_display   		STRING         	01CF	0000	10
		__stringtab    		STRING         	01C9	0000	6
		__initialization		CODE           	0015	0000	4

shared estimated size: 20

